---
source: crates/oxc_formatter_json/tests/fixtures/mod.rs
---
==================== Input ====================
// The `jsonc` variant, and a block comment: same refusal, and it applies to every comment kind.
//
// `/ordered` has none and is reordered, so the refusal stays per-object across variants.
{
  "openapi": "3.0.0",
  "paths": {
    "/refused": {
      "get": {
        "responses": {},
        /* block comment refuses this object too */
        "operationId": "op"
      }
    },
    "/ordered": {
      "get": { "responses": {}, "summary": "s", "operationId": "op" }
    }
  }
}

==================== Output ====================
------------------------------------
{ printWidth: 80, variant: "jsonc" }
------------------------------------
// The `jsonc` variant, and a block comment: same refusal, and it applies to every comment kind.
//
// `/ordered` has none and is reordered, so the refusal stays per-object across variants.
{
  "openapi": "3.0.0",
  "paths": {
    "/refused": {
      "get": {
        "responses": {},
        /* block comment refuses this object too */
        "operationId": "op",
      },
    },
    "/ordered": {
      "get": { "operationId": "op", "summary": "s", "responses": {} },
    },
  },
}

-------------------------------------
{ printWidth: 100, variant: "jsonc" }
-------------------------------------
// The `jsonc` variant, and a block comment: same refusal, and it applies to every comment kind.
//
// `/ordered` has none and is reordered, so the refusal stays per-object across variants.
{
  "openapi": "3.0.0",
  "paths": {
    "/refused": {
      "get": {
        "responses": {},
        /* block comment refuses this object too */
        "operationId": "op",
      },
    },
    "/ordered": {
      "get": { "operationId": "op", "summary": "s", "responses": {} },
    },
  },
}

-----------------------------------------------------------
{ printWidth: 80, trailingComma: "none", variant: "jsonc" }
-----------------------------------------------------------
// The `jsonc` variant, and a block comment: same refusal, and it applies to every comment kind.
//
// `/ordered` has none and is reordered, so the refusal stays per-object across variants.
{
  "openapi": "3.0.0",
  "paths": {
    "/refused": {
      "get": {
        "responses": {},
        /* block comment refuses this object too */
        "operationId": "op"
      }
    },
    "/ordered": {
      "get": { "operationId": "op", "summary": "s", "responses": {} }
    }
  }
}

------------------------------------------------------------
{ printWidth: 100, trailingComma: "none", variant: "jsonc" }
------------------------------------------------------------
// The `jsonc` variant, and a block comment: same refusal, and it applies to every comment kind.
//
// `/ordered` has none and is reordered, so the refusal stays per-object across variants.
{
  "openapi": "3.0.0",
  "paths": {
    "/refused": {
      "get": {
        "responses": {},
        /* block comment refuses this object too */
        "operationId": "op"
      }
    },
    "/ordered": {
      "get": { "operationId": "op", "summary": "s", "responses": {} }
    }
  }
}

===================== End =====================
