---
source: crates/oxc_formatter_yaml/tests/fixtures/mod.rs
---
==================== Input ====================
# Bail-out 4, at the edge where the printer changes the property the refusal is based on.
#
# The printer chooses the quote style itself: `'z''z'` is re-emitted as `"z'z"`. A refusal that
# branched on which quote the source used therefore held on the first pass and not the second, and
# formatting was not idempotent. One predicate now covers both styles, and a key containing a space
# is refused too, because `proseWrap` can re-fold a multi-line key onto one line and the folded form
# differs from the source only by that space.
#
# No table name contains a space, a quote or a backslash, so nothing that could rank is lost.
---
openapi: 3.0.0
content:
  'z''z': single-quoted, escaped quote
  aa: 2
  "z\"z": double-quoted, escaped quote
  "a b": quoted, contains a space

==================== Output ====================
------------------
{ printWidth: 80 }
------------------
# Bail-out 4, at the edge where the printer changes the property the refusal is based on.
#
# The printer chooses the quote style itself: `'z''z'` is re-emitted as `"z'z"`. A refusal that
# branched on which quote the source used therefore held on the first pass and not the second, and
# formatting was not idempotent. One predicate now covers both styles, and a key containing a space
# is refused too, because `proseWrap` can re-fold a multi-line key onto one line and the folded form
# differs from the source only by that space.
#
# No table name contains a space, a quote or a backslash, so nothing that could rank is lost.
---
openapi: 3.0.0
content:
  "z'z": single-quoted, escaped quote
  aa: 2
  'z"z': double-quoted, escaped quote
  "a b": quoted, contains a space

-------------------
{ printWidth: 100 }
-------------------
# Bail-out 4, at the edge where the printer changes the property the refusal is based on.
#
# The printer chooses the quote style itself: `'z''z'` is re-emitted as `"z'z"`. A refusal that
# branched on which quote the source used therefore held on the first pass and not the second, and
# formatting was not idempotent. One predicate now covers both styles, and a key containing a space
# is refused too, because `proseWrap` can re-fold a multi-line key onto one line and the folded form
# differs from the source only by that space.
#
# No table name contains a space, a quote or a backslash, so nothing that could rank is lost.
---
openapi: 3.0.0
content:
  "z'z": single-quoted, escaped quote
  aa: 2
  'z"z': double-quoted, escaped quote
  "a b": quoted, contains a space

===================== End =====================
